******************************************************************************
              TMS320C55x Linker PC v4.4.1                      
******************************************************************************
>> Linked Thu Feb 02 14:48:57 2017

OUTPUT FILE NAME:   <linear_buffer.out>
ENTRY POINT SYMBOL: "_c_int00"  address: 00002715


MEMORY CONFIGURATION

         name            origin    length      used     unused   attr    fill
                        (bytes)   (bytes)    (bytes)   (bytes)
----------------------  --------  ---------  --------  --------  ----  --------
  MMR                   00000000   000000c0  00000000  000000c0  RWIX
  DARAM0                000000c0   00001f40  00000458  00001ae8  RWIX
  DARAM1                00002000   00002000  00000765  0000189b  RWIX
  DARAM2                00004000   00002000  00000000  00002000  RWIX
  DARAM3                00006000   00002000  00000000  00002000  RWIX
  DARAM4                00008000   00002000  00000000  00002000  RWIX
  DARAM5                0000a000   00002000  0000011e  00001ee2  RWIX
  DARAM6                0000c000   00002000  00000000  00002000  RWIX
  DARAM7                0000e000   00002000  00000000  00002000  RWIX
  SARAM0                00010000   00002000  00000000  00002000  RWIX
  SARAM1                00012000   00002000  00000000  00002000  RWIX
  SARAM2                00014000   00002000  00000000  00002000  RWIX
  SARAM3                00016000   00002000  00000000  00002000  RWIX
  SARAM4                00018000   00002000  00000000  00002000  RWIX
  SARAM5                0001a000   00002000  00000000  00002000  RWIX
  SARAM6                0001c000   00002000  00000000  00002000  RWIX
  SARAM7                0001e000   00002000  00000000  00002000  RWIX
  SARAM8                00020000   00002000  00000000  00002000  RWIX
  SARAM9                00022000   00002000  00000000  00002000  RWIX
  SARAM10               00024000   00002000  00000000  00002000  RWIX
  SARAM11               00026000   00002000  00000000  00002000  RWIX
  SARAM12               00028000   00002000  00000000  00002000  RWIX
  SARAM13               0002a000   00002000  00000000  00002000  RWIX
  SARAM14               0002c000   00002000  00000000  00002000  RWIX
  SARAM15               0002e000   00002000  00000000  00002000  RWIX
  SARAM16               00030000   00002000  00000000  00002000  RWIX
  SARAM17               00032000   00002000  00000000  00002000  RWIX
  SARAM18               00034000   00002000  00000000  00002000  RWIX
  SARAM19               00036000   00002000  00000000  00002000  RWIX
  SARAM20               00038000   00002000  00000000  00002000  RWIX
  SARAM21               0003a000   00002000  00000000  00002000  RWIX
  SARAM22               0003c000   00002000  00000000  00002000  RWIX
  SARAM23               0003e000   00002000  00000000  00002000  RWIX
  SARAM24               00040000   00002000  00000000  00002000  RWIX
  SARAM25               00042000   00002000  00000000  00002000  RWIX
  SARAM26               00044000   00002000  00000000  00002000  RWIX
  SARAM27               00046000   00002000  00000000  00002000  RWIX
  SARAM28               00048000   00002000  00000000  00002000  RWIX
  SARAM29               0004a000   00002000  00000000  00002000  RWIX
  SARAM30               0004c000   00002000  00000000  00002000  RWIX
  SARAM31               0004e000   00002000  00000000  00002000  RWIX
  CS0                   00050000   007b0000  00000000  007b0000  RWIX
  CS2                   00800000   00400000  00000000  00400000  RWIX
  CS3                   00c00000   00200000  00000000  00200000  RWIX
  CS4                   00e00000   00100000  00000000  00100000  RWIX
  CS5                   00f00000   000e0000  00000000  000e0000  RWIX
  ROM                   00fe0000   0001ff00  00000000  0001ff00  RWIX
  VECS                  00ffff00   00000100  00000100  00000000  RWIX


SECTION ALLOCATION MAP
(Addresses surrounded by []'s are displayed for convenience only!)

output                                                          attributes/
section   page  orgn(bytes) orgn(words) len(bytes) len(words)   input sections
--------  ----  ----------- ----------- ---------- ----------   --------------
.stack       0   [ 000000c0 ]  00000060          *   00000100   UNINITIALIZED
                 [ 000000c0 ]  00000060          *   00000100   --HOLE--

.sysstack 
*            0   [ 000002c0 ]  00000160          *   00000100   UNINITIALIZED
                 [ 000002c0 ]  00000160          *   00000100   --HOLE--

.cinit       0   [ 000004c0 ]  00000260          *   0000002c   
                 [ 000004c0 ]  00000260          *   00000013   main.obj (.cinit)
                 [ 000004e6 ]  00000273          *   0000000a   rts55x.lib : _lock.obj (.cinit)
                 [ 000004fa ]  0000027d          *   0000000a              : exit.obj (.cinit)
                 [ 0000050e ]  00000287          *   00000004   usbstk5515bsl.lib : usbstk5515_i2c.obj (.cinit)
                 [ 00000516 ]  0000028b          *   00000001   --HOLE-- [fill = 0]

.text        0     00002000  [ 00001000 ] 00000765          *   
                   00002000  [ 00001000 ] 00000357          *   main.obj (.text)
                   00002357  [ 000011ab+] 00000156          *   usbstk5515bsl.lib : usbstk5515_gpio.obj (.text)
                   000024ad  [ 00001256+] 0000013e          *                     : usbstk5515_i2c.obj (.text)
                   000025eb  [ 000012f5+] 00000054          *                     : usbstk5515.obj (.text)
                   0000263f  [ 0000131f+] 0000004d          *   rts55x.lib : autoinit.obj (.text)
                   0000268c  [ 00001346 ] 0000004b          *              : args_main.obj (.text)
                   000026d7  [ 0000136b+] 0000003e          *              : exit.obj (.text)
                   00002715  [ 0000138a+] 00000034          *              : boot.obj (.text)
                   00002749  [ 000013a4+] 00000012          *              : _lock.obj (.text)
                   0000275b  [ 000013ad+] 00000007          *              : exit.obj (.text:CIO_breakpoint)
                   00002762  [ 000013b1 ] 00000002          *              : vectors.obj (.text)
                   00002764  [ 000013b2 ] 00000001          *   --HOLE-- [fill = 20]

.data        0   [ 00008000 ]  00004000          *   00000000   UNINITIALIZED

.bss         0   [ 0000a000 ]  00005000          *   0000008f   UNINITIALIZED
                 [ 0000a000 ]  00005000          *   00000086   main.obj (.bss)
                 [ 0000a10c ]  00005086          *   00000004   rts55x.lib : _lock.obj (.bss)
                 [ 0000a114 ]  0000508a          *   00000004              : exit.obj (.bss)
                 [ 0000a11c ]  0000508e          *   00000001   usbstk5515bsl.lib : usbstk5515_i2c.obj (.bss)

vectors      0     00ffff00  [ 007fff80 ] 00000100          *   NOLOAD SECTION
                   00ffff00  [ 007fff80 ] 00000100          *   rts55x.lib : vectors.obj (vectors)


GLOBAL SYMBOLS: SORTED ALPHABETICALLY BY Name 

abs. value/
byte addr   word addr   name
---------   ---------   ----
00000002                $TI_capability$C5500$CallingConvention
00000002                $TI_capability$C5500$MemoryModel
00000001                $TI_capability_requires_rev3
            00005000    .bss
            00004000    .data
00002000                .text
0000275c                C$$EXIT
0000206d                _AIC3204_config
00002000                _AIC3204_rget
0000204b                _AIC3204_rset
0000220b                _HI
00002220                _LOW
00ffff00                _Reset
00002455                _USBSTK5515_GPIO_getInput
00002357                _USBSTK5515_GPIO_init
0000235b                _USBSTK5515_GPIO_setDirection
000023d8                _USBSTK5515_GPIO_setOutput
000024cc                _USBSTK5515_I2C_close
000024ad                _USBSTK5515_I2C_init
00002572                _USBSTK5515_I2C_read
000024d5                _USBSTK5515_I2C_reset
000024e3                _USBSTK5515_I2C_write
00002631                _USBSTK5515_init
000025eb                _USBSTK5515_wait
0000261f                _USBSTK5515_waitusec
            00000160    __STACK_END
00000200                __STACK_SIZE
00000200                __SYSSTACK_SIZE
00000001                __TI_args_main
ffffffff                ___binit__
            00005000    ___bss__
ffffffff                ___c_args__
            00000260    ___cinit__
            00004000    ___data__
            00004000    ___edata__
            0000508f    ___end__
00002765                ___etext__
ffffffff                ___pinit__
00002000                ___text__
0000268c                __args_main
            0000508a    __cleanup_ptr
            0000508c    __dtors_ptr
            00005086    __lock
00002759                __nop
00002751                __register_lock
00002749                __register_unlock
            00000060    __stack
            00000160    __sysstack
            00005088    __unlock
0000275b                _abort
0000263f                _auto_init
            00005006    _buffer
00002715                _c_int00
            00005004    _coeff
            00005012    _coefs
000026d7                _exit
            0000508e    _i2c_timeout
            00005000    _inPtr
            00005020    _input
            0000501e    _leftsample
0000222e                _linearbuff
000022a7                _main
            00005002    _outPtr
            00005021    _output
            00005022    _recent_output
            0000501f    _rightsample
ffffffff                binit
            00000260    cinit
            00004000    edata
            0000508f    end
00002765                etext
ffffffff                pinit


GLOBAL SYMBOLS: SORTED BY Symbol Address 

abs. value/
byte addr   word addr   name
---------   ---------   ----
00000001                $TI_capability_requires_rev3
00000001                __TI_args_main
00000002                $TI_capability$C5500$CallingConvention
00000002                $TI_capability$C5500$MemoryModel
            00000060    __stack
00000200                __STACK_SIZE
00000200                __SYSSTACK_SIZE
            00000160    __STACK_END
            00000160    __sysstack
            00000260    ___cinit__
            00000260    cinit
00002000                .text
00002000                _AIC3204_rget
00002000                ___text__
0000204b                _AIC3204_rset
0000206d                _AIC3204_config
0000220b                _HI
00002220                _LOW
0000222e                _linearbuff
000022a7                _main
00002357                _USBSTK5515_GPIO_init
0000235b                _USBSTK5515_GPIO_setDirection
000023d8                _USBSTK5515_GPIO_setOutput
00002455                _USBSTK5515_GPIO_getInput
000024ad                _USBSTK5515_I2C_init
000024cc                _USBSTK5515_I2C_close
000024d5                _USBSTK5515_I2C_reset
000024e3                _USBSTK5515_I2C_write
00002572                _USBSTK5515_I2C_read
000025eb                _USBSTK5515_wait
0000261f                _USBSTK5515_waitusec
00002631                _USBSTK5515_init
0000263f                _auto_init
0000268c                __args_main
000026d7                _exit
00002715                _c_int00
00002749                __register_unlock
00002751                __register_lock
00002759                __nop
0000275b                _abort
0000275c                C$$EXIT
00002765                ___etext__
00002765                etext
            00004000    .data
            00004000    ___data__
            00004000    ___edata__
            00004000    edata
            00005000    .bss
            00005000    ___bss__
            00005000    _inPtr
            00005002    _outPtr
            00005004    _coeff
            00005006    _buffer
            00005012    _coefs
            0000501e    _leftsample
            0000501f    _rightsample
            00005020    _input
            00005021    _output
            00005022    _recent_output
            00005086    __lock
            00005088    __unlock
            0000508a    __cleanup_ptr
            0000508c    __dtors_ptr
            0000508e    _i2c_timeout
            0000508f    ___end__
            0000508f    end
00ffff00                _Reset
ffffffff                ___binit__
ffffffff                ___c_args__
ffffffff                ___pinit__
ffffffff                binit
ffffffff                pinit

[72 symbols]
