******************************************************************************
              TMS320C55x Linker PC v4.4.1                      
******************************************************************************
>> Linked Wed Apr 12 15:43:12 2017

OUTPUT FILE NAME:   <receiver.out>
ENTRY POINT SYMBOL: "_c_int00"  address: 00024677


MEMORY CONFIGURATION

         name            origin    length      used     unused   attr    fill
                        (bytes)   (bytes)    (bytes)   (bytes)
----------------------  --------  ---------  --------  --------  ----  --------
PAGE 0:
  MMR                   00000000   000000c0  00000000  000000c0  RWIX
  DARAM0                000000c0   0000ff40  00006766  000097da  RWIX
  SARAM0                00010000   00010000  00000000  00010000  RWIX
  SARAM1                00020000   00020000  000047af  0001b851  RWIX
  SARAM2                00040000   00010000  00000368  0000fc98  RWIX
  PDROM                 00ff8000   00008000  00000100  00007f00  R IX

PAGE 2:
  IOPORT                00000000   00020000  00000000  00020000  RWI 


SECTION ALLOCATION MAP
(Addresses surrounded by []'s are displayed for convenience only!)

output                                                          attributes/
section   page  orgn(bytes) orgn(words) len(bytes) len(words)   input sections
--------  ----  ----------- ----------- ---------- ----------   --------------
.pinit       0   [ 00040000 ]  00020000          *   00000000   UNINITIALIZED

.stack       0   [ 000000c0 ]  00000060          *   00001000   UNINITIALIZED
                 [ 000000c0 ]  00000060          *   00001000   --HOLE--

.data        0   [ 000000c0 ]  00000060          *   00000000   UNINITIALIZED

.sysstack 
*            0   [ 000020c0 ]  00001060          *   00000800   UNINITIALIZED
                 [ 000020c0 ]  00001060          *   00000800   --HOLE--

.sysmem      0   [ 000030c0 ]  00001860          *   00001000   UNINITIALIZED
                 [ 000030c0 ]  00001860          *   00001000   --HOLE--

.bss.1       0   [ 000050c0 ]  00002860          *   00000a65   UNINITIALIZED
                 [ 000050c0 ]  00002860          *   00000809   char_receiver.obj (.bss)
                 [ 000060d2 ]  00003069          *   00000001   rts55x.lib : fopen.obj (.bss)
                 [ 000060d4 ]  0000306a          *   00000119              : defs.obj (.bss)
                 [ 00006306 ]  00003183          *   000000d0              : trgdrv.obj (.bss)
                 [ 000064a6 ]  00003253          *   00000001   usbstk5515bsl.lib : usbstk5515_i2c.obj (.bss)
                 [ 000064a8 ]  00003254          *   00000071   rts55x.lib : lowlev.obj (.bss)

.bss.2       0   [ 0000658c ]  000032c6          *   0000000e   UNINITIALIZED
                 [ 0000658c ]  000032c6          *   00000006   rts55x.lib : memory.obj (.bss)
                 [ 00006598 ]  000032cc          *   00000004              : _lock.obj (.bss)
                 [ 000065a0 ]  000032d0          *   00000004              : exit.obj (.bss)

.const.1     0   [ 000065a8 ]  000032d4          *   00000101   
                 [ 000065a8 ]  000032d4          *   00000101   rts55x.lib : ctype.obj (.const:__ctypes_)

.const.2     0   [ 000067ac ]  000033d6          *   0000003b   
                 [ 000067ac ]  000033d6          *   00000024   rts55x.lib : _printfi.obj (.const:.string)
                 [ 000067f4 ]  000033fa          *   0000000c              : _printfi.obj (.const)
                 [ 0000680c ]  00003406          *   00000008              : divd.obj (.const:_initial_approx$1)
                 [ 0000681c ]  0000340e          *   00000003   char_receiver.obj (.const:.string)

.const.3     0   [ 00006824 ]  00003412          *   00000004   
                 [ 00006824 ]  00003412          *   00000002   rts55x.lib : fputs.obj (.const:.string)
                 [ 00006828 ]  00003414          *   00000002              : fltlid.obj (.const)

.text        0     00020000  [ 00010000 ] 000047af          *   
                   00020000  [ 00010000 ] 000015a4          *   rts55x.lib : _printfi.obj (.text)
                   000215a4  [ 00010ad2 ] 00000543          *              : lowlev.obj (.text)
                   00021ae7  [ 00010d73+] 00000528          *              : trgdrv.obj (.text)
                   0002200f  [ 00011007+] 000004b5          *              : memory.obj (.text)
                   000224c4  [ 00011262 ] 00000454          *   char_receiver.obj (.text)
                   00022918  [ 0001148c ] 000003cc          *   rts55x.lib : divd.obj (.text)
                   00022ce4  [ 00011672 ] 0000027f          *              : fopen.obj (.text)
                   00022f63  [ 000117b1+] 0000025e          *              : llmpy.obj (.text)
                   000231c1  [ 000118e0+] 0000025a          *              : addd.obj (.text)
                   0002341b  [ 00011a0d+] 000001ea          *              : cmpd.obj (.text)
                   00023605  [ 00011b02+] 00000163          *              : fputs.obj (.text)
                   00023768  [ 00011bb4 ] 00000156          *   usbstk5515bsl.lib : usbstk5515_gpio.obj (.text)
                   000238be  [ 00011c5f ] 0000014c          *   rts55x.lib : mpyd.obj (.text)
                   00023a0a  [ 00011d05 ] 0000013e          *   usbstk5515bsl.lib : usbstk5515_i2c.obj (.text)
                   00023b48  [ 00011da4 ] 000000e6          *   rts55x.lib : setvbuf.obj (.text)
                   00023c2e  [ 00011e17 ] 000000dd          *              : _io_perm.obj (.text)
                   00023d0b  [ 00011e85+] 000000c2          *              : fflush.obj (.text)
                   00023dcd  [ 00011ee6+] 000000ba          *              : trgmsg.obj (.text:CIO_breakpoint)
                   00023e87  [ 00011f43+] 000000a6          *              : fputc.obj (.text)
                   00023f2d  [ 00011f96+] 000000a1          *              : divul.obj (.text)
                   00023fce  [ 00011fe7 ] 0000007d          *              : ltoa.obj (.text)
                   0002404b  [ 00012025+] 0000007b          *              : fclose.obj (.text)
                   000240c6  [ 00012063 ] 00000076          *              : frcmpyd.obj (.text)
                   0002413c  [ 0001209e ] 00000073          *              : frcmpyd_div.obj (.text)
                   000241af  [ 000120d7+] 00000072          *              : remul.obj (.text)
                   00024221  [ 00012110+] 0000006f          *              : fixdli.obj (.text)
                   00024290  [ 00012148 ] 0000006d          *              : trgmsg.obj (.text)
                   000242fd  [ 0001217e+] 0000006b          *              : fseek.obj (.text)
                   00024368  [ 000121b4 ] 00000067          *              : fltlid.obj (.text)
                   000243cf  [ 000121e7+] 0000005c          *              : atoi.obj (.text)
                   0002442b  [ 00012215+] 00000054          *   usbstk5515bsl.lib : usbstk5515.obj (.text)
                   0002447f  [ 0001223f+] 00000050          *   rts55x.lib : printf.obj (.text)
                   000244cf  [ 00012267+] 0000004d          *              : autoinit.obj (.text)
                   0002451c  [ 0001228e ] 0000004b          *              : args_main.obj (.text)
                   00024567  [ 000122b3+] 0000004b          *              : remli.obj (.text)
                   000245b2  [ 000122d9 ] 00000048          *              : divli.obj (.text)
                   000245fa  [ 000122fd ] 0000003f          *              : memcpy.obj (.text)
                   00024639  [ 0001231c+] 0000003e          *              : exit.obj (.text)
                   00024677  [ 0001233b+] 00000034          *              : boot.obj (.text)
                   000246ab  [ 00012355+] 0000002a          *              : fixdi.obj (.text)
                   000246d5  [ 0001236a+] 0000002a          *              : udiv.obj (.text)
                   000246ff  [ 0001237f+] 00000023          *              : memccpy.obj (.text)
                   00024722  [ 00012391 ] 0000001a          *              : isinf.obj (.text)
                   0002473c  [ 0001239e ] 00000016          *              : setbuf.obj (.text)
                   00024752  [ 000123a9 ] 00000014          *              : subd.obj (.text)
                   00024766  [ 000123b3 ] 00000013          *              : lmpy.obj (.text)
                   00024779  [ 000123bc+] 00000012          *              : _lock.obj (.text)
                   0002478b  [ 000123c5+] 00000010          *              : negd.obj (.text)
                   0002479b  [ 000123cd+] 0000000a          *              : remove.obj (.text)
                   000247a5  [ 000123d2+] 00000007          *              : exit.obj (.text:CIO_breakpoint)
                   000247ac  [ 000123d6 ] 00000002          *              : vectors.obj (.text)
                   000247ae  [ 000123d7 ] 00000001          *   --HOLE-- [fill = 20]

.cio         0   [ 00040000 ]  00020000          *   00000120   UNINITIALIZED
                 [ 00040000 ]  00020000          *   00000120   rts55x.lib : trgmsg.obj (.cio)

.cinit       0   [ 00040240 ]  00020120          *   00000094   
                 [ 00040240 ]  00020120          *   0000002d   rts55x.lib : lowlev.obj (.cinit)
                 [ 0004029a ]  0002014d          *   0000002a              : defs.obj (.cinit)
                 [ 000402ee ]  00020177          *   0000001c   char_receiver.obj (.cinit)
                 [ 00040326 ]  00020193          *   0000000a   rts55x.lib : _lock.obj (.cinit)
                 [ 0004033a ]  0002019d          *   0000000a              : exit.obj (.cinit)
                 [ 0004034e ]  000201a7          *   00000004              : fopen.obj (.cinit)
                 [ 00040356 ]  000201ab          *   00000004              : memory.obj (.cinit)
                 [ 0004035e ]  000201af          *   00000004   usbstk5515bsl.lib : usbstk5515_i2c.obj (.cinit)
                 [ 00040366 ]  000201b3          *   00000001   --HOLE-- [fill = 0]

vectors      0     00ffff00  [ 007fff80 ] 00000100          *   
                   00ffff00  [ 007fff80 ] 00000100          *   rts55x.lib : vectors.obj (vectors)


GLOBAL SYMBOLS: SORTED ALPHABETICALLY BY Name 

abs. value/
byte addr   word addr   name
---------   ---------   ----
00000002                $TI_capability$C5500$CallingConvention
00000002                $TI_capability$C5500$MemoryModel
00000001                $TI_capability_requires_rev3
ffffffff                .bss
ffffffff                .data
ffffffff                .text
000247a6                C$$EXIT
00023e82                C$$IO$$
00024766                I$$LMPY
000246d5                I$$UDIV
000246ea                I$$UMOD
000224e6                _AIC3204_config
000224c4                _AIC3204_rset
00021fb1                _HOSTclock
00021f46                _HOSTclose
00021e91                _HOSTlseek
00021df2                _HOSTopen
00021d65                _HOSTread
00021cb7                _HOSTrename
00021c59                _HOSTtime
00021bef                _HOSTunlink
00021b62                _HOSTwrite
            00002860    _LEFT_DATA
            00002861    _RIGHT_DATA
00ffff00                _Reset
00023866                _USBSTK5515_GPIO_getInput
00023768                _USBSTK5515_GPIO_init
0002376c                _USBSTK5515_GPIO_setDirection
000237e9                _USBSTK5515_GPIO_setOutput
00023a29                _USBSTK5515_I2C_close
00023a0a                _USBSTK5515_I2C_init
00023acf                _USBSTK5515_I2C_read
00023a32                _USBSTK5515_I2C_reset
00023a40                _USBSTK5515_I2C_write
00024471                _USBSTK5515_init
0002442b                _USBSTK5515_wait
0002445f                _USBSTK5515_waitusec
            00020000    __CIOBUF_
            00001060    __STACK_END
00002000                __STACK_SIZE
00002000                __SYSMEM_SIZE
00001000                __SYSSTACK_SIZE
00000001                __TI_args_main
ffffffff                ___binit__
ffffffff                ___bss__
ffffffff                ___c_args__
            00020120    ___cinit__
ffffffff                ___data__
ffffffff                ___edata__
ffffffff                ___end__
ffffffff                ___etext__
00024722                ___isinf
ffffffff                ___pinit__
ffffffff                ___text__
000231c1                __addd
0002451c                __args_main
00022e05                __cleanup
            000032d0    __cleanup_ptr
000235ad                __cmpd
            000032d4    __ctypes_
00022918                __divd
000245b2                __divli
0002318c                __divlli
000246d5                __divu
00023f2d                __divul
00023098                __divull
00023d0b                __doflush
            000032d2    __dtors_ptr
00023579                __eqld
000246ab                __fixdi
00024221                __fixdli
00024368                __fltlid
000240c6                __frcmpyd
0002413c                __frcmpyd_div
            00003182    __ft_end
            0000306a    __ftable
0002352f                __geqd
000234e4                __gtrd
00023497                __leqd
            000032cc    __lock
0002344f                __lssd
000238be                __mpyd
00024766                __mpyli
00022fe0                __mpylli
0002478b                __negd
0002341b                __neqd
00024789                __nop
00021362                __printfi
00023cae                __rd_ok
00024781                __register_lock
00024779                __register_unlock
00024567                __remli
00022fb1                __remlli
000246ea                __remu
000241af                __remul
00022f63                __remull
            00000060    __stack
00024752                __subd
            00001860    __sys_memory
            00001060    __sysstack
            000030e2    __tmpnams
            000032ce    __unlock
00023c2e                __wrt_ok
000247a5                _abort
000219f7                _add_device
            00002866    _ascii_pointer
000243cf                _atoi
000244cf                _auto_init
00024677                _c_int00
0002249e                _calloc
00022792                _check_pattern
00022496                _chkheap
00021984                _close
            00002c67    _data_ascii
            00002865    _data_cap_pointer
            00002867    _data_captured
            00003067    _data_next
            00002862    _data_received
            00002864    _data_to_write_int
00022684                _detect_one
0002270b                _detect_zero
00024639                _exit
0002404b                _fclose
00023d74                _fflush
0002197b                _find_registered_device
00022f28                _fopen
00023e87                _fputc
00023605                _fputs
0002200f                _free
00022440                _free_memory
00022e5f                _freopen
000242fd                _fseek
00021ae7                _getenv
            00002863    _header
            00003253    _i2c_timeout
00021915                _lseek
00023fce                _ltoa
000227c6                _main
00022140                _malloc
000223e6                _max_free
000246ff                _memccpy
000245fa                _memcpy
000220db                _minit
            00003068    _no_match_count
00021856                _open
0002447f                _printf
00023e87                _putc
00023f1e                _putchar
0002373a                _puts
000217a8                _read
00024290                _readmsg
00022235                _realloc
0002479b                _remove
00021772                _remove_device
00021719                _rename
0002473c                _setbuf
00023b48                _setvbuf
000216e6                _unlink
000215a4                _write
00023dcd                _writemsg
ffffffff                binit
            00020120    cinit
ffffffff                edata
ffffffff                end
ffffffff                etext
ffffffff                pinit


GLOBAL SYMBOLS: SORTED BY Symbol Address 

abs. value/
byte addr   word addr   name
---------   ---------   ----
00000001                $TI_capability_requires_rev3
00000001                __TI_args_main
00000002                $TI_capability$C5500$CallingConvention
00000002                $TI_capability$C5500$MemoryModel
            00000060    __stack
00001000                __SYSSTACK_SIZE
00002000                __STACK_SIZE
00002000                __SYSMEM_SIZE
            00001060    __STACK_END
            00001060    __sysstack
            00001860    __sys_memory
            00002860    _LEFT_DATA
            00002861    _RIGHT_DATA
            00002862    _data_received
            00002863    _header
            00002864    _data_to_write_int
            00002865    _data_cap_pointer
            00002866    _ascii_pointer
            00002867    _data_captured
            00002c67    _data_ascii
            00003067    _data_next
            00003068    _no_match_count
            0000306a    __ftable
            000030e2    __tmpnams
            00003182    __ft_end
            00003253    _i2c_timeout
            000032cc    __lock
            000032ce    __unlock
            000032d0    __cleanup_ptr
            000032d2    __dtors_ptr
            000032d4    __ctypes_
00021362                __printfi
000215a4                _write
000216e6                _unlink
00021719                _rename
00021772                _remove_device
000217a8                _read
00021856                _open
00021915                _lseek
0002197b                _find_registered_device
00021984                _close
000219f7                _add_device
00021ae7                _getenv
00021b62                _HOSTwrite
00021bef                _HOSTunlink
00021c59                _HOSTtime
00021cb7                _HOSTrename
00021d65                _HOSTread
00021df2                _HOSTopen
00021e91                _HOSTlseek
00021f46                _HOSTclose
00021fb1                _HOSTclock
0002200f                _free
000220db                _minit
00022140                _malloc
00022235                _realloc
000223e6                _max_free
00022440                _free_memory
00022496                _chkheap
0002249e                _calloc
000224c4                _AIC3204_rset
000224e6                _AIC3204_config
00022684                _detect_one
0002270b                _detect_zero
00022792                _check_pattern
000227c6                _main
00022918                __divd
00022e05                __cleanup
00022e5f                _freopen
00022f28                _fopen
00022f63                __remull
00022fb1                __remlli
00022fe0                __mpylli
00023098                __divull
0002318c                __divlli
000231c1                __addd
0002341b                __neqd
0002344f                __lssd
00023497                __leqd
000234e4                __gtrd
0002352f                __geqd
00023579                __eqld
000235ad                __cmpd
00023605                _fputs
0002373a                _puts
00023768                _USBSTK5515_GPIO_init
0002376c                _USBSTK5515_GPIO_setDirection
000237e9                _USBSTK5515_GPIO_setOutput
00023866                _USBSTK5515_GPIO_getInput
000238be                __mpyd
00023a0a                _USBSTK5515_I2C_init
00023a29                _USBSTK5515_I2C_close
00023a32                _USBSTK5515_I2C_reset
00023a40                _USBSTK5515_I2C_write
00023acf                _USBSTK5515_I2C_read
00023b48                _setvbuf
00023c2e                __wrt_ok
00023cae                __rd_ok
00023d0b                __doflush
00023d74                _fflush
00023dcd                _writemsg
00023e82                C$$IO$$
00023e87                _fputc
00023e87                _putc
00023f1e                _putchar
00023f2d                __divul
00023fce                _ltoa
0002404b                _fclose
000240c6                __frcmpyd
0002413c                __frcmpyd_div
000241af                __remul
00024221                __fixdli
00024290                _readmsg
000242fd                _fseek
00024368                __fltlid
000243cf                _atoi
0002442b                _USBSTK5515_wait
0002445f                _USBSTK5515_waitusec
00024471                _USBSTK5515_init
0002447f                _printf
000244cf                _auto_init
0002451c                __args_main
00024567                __remli
000245b2                __divli
000245fa                _memcpy
00024639                _exit
00024677                _c_int00
000246ab                __fixdi
000246d5                I$$UDIV
000246d5                __divu
000246ea                I$$UMOD
000246ea                __remu
000246ff                _memccpy
00024722                ___isinf
0002473c                _setbuf
00024752                __subd
00024766                I$$LMPY
00024766                __mpyli
00024779                __register_unlock
00024781                __register_lock
00024789                __nop
0002478b                __negd
0002479b                _remove
000247a5                _abort
000247a6                C$$EXIT
            00020000    __CIOBUF_
            00020120    ___cinit__
            00020120    cinit
00ffff00                _Reset
ffffffff                .bss
ffffffff                .data
ffffffff                .text
ffffffff                ___binit__
ffffffff                ___bss__
ffffffff                ___c_args__
ffffffff                ___data__
ffffffff                ___edata__
ffffffff                ___end__
ffffffff                ___etext__
ffffffff                ___pinit__
ffffffff                ___text__
ffffffff                binit
ffffffff                edata
ffffffff                end
ffffffff                etext
ffffffff                pinit

[166 symbols]
