******************************************************************************
              TMS320C55x Linker PC v4.4.1                      
******************************************************************************
>> Linked Thu Mar 30 14:12:12 2017

OUTPUT FILE NAME:   <transmit.out>
ENTRY POINT SYMBOL: "_c_int00"  address: 000027cf


MEMORY CONFIGURATION

         name            origin    length      used     unused   attr    fill
                        (bytes)   (bytes)    (bytes)   (bytes)
----------------------  --------  ---------  --------  --------  ----  --------
  MMR                   00000000   000000c0  00000000  000000c0  RWIX
  DARAM0                000000c0   00001f40  00000694  000018ac  RWIX
  DARAM1                00002000   00002000  0000081f  000017e1  RWIX
  DARAM2                00004000   00002000  00000000  00002000  RWIX
  DARAM3                00006000   00002000  00000000  00002000  RWIX
  DARAM4                00008000   00002000  00000000  00002000  RWIX
  DARAM5                0000a000   00002000  00000256  00001daa  RWIX
  DARAM6                0000c000   00002000  00000000  00002000  RWIX
  DARAM7                0000e000   00002000  00000000  00002000  RWIX
  SARAM0                00010000   00002000  00000000  00002000  RWIX
  SARAM1                00012000   00002000  00000000  00002000  RWIX
  SARAM2                00014000   00002000  00000000  00002000  RWIX
  SARAM3                00016000   00002000  00000000  00002000  RWIX
  SARAM4                00018000   00002000  00000000  00002000  RWIX
  SARAM5                0001a000   00002000  00000000  00002000  RWIX
  SARAM6                0001c000   00002000  00000000  00002000  RWIX
  SARAM7                0001e000   00002000  00000000  00002000  RWIX
  SARAM8                00020000   00002000  00000000  00002000  RWIX
  SARAM9                00022000   00002000  00000000  00002000  RWIX
  SARAM10               00024000   00002000  00000000  00002000  RWIX
  SARAM11               00026000   00002000  00000000  00002000  RWIX
  SARAM12               00028000   00002000  00000000  00002000  RWIX
  SARAM13               0002a000   00002000  00000000  00002000  RWIX
  SARAM14               0002c000   00002000  00000000  00002000  RWIX
  SARAM15               0002e000   00002000  00000000  00002000  RWIX
  SARAM16               00030000   00002000  00000000  00002000  RWIX
  SARAM17               00032000   00002000  00000000  00002000  RWIX
  SARAM18               00034000   00002000  00000000  00002000  RWIX
  SARAM19               00036000   00002000  00000000  00002000  RWIX
  SARAM20               00038000   00002000  00000000  00002000  RWIX
  SARAM21               0003a000   00002000  00000000  00002000  RWIX
  SARAM22               0003c000   00002000  00000000  00002000  RWIX
  SARAM23               0003e000   00002000  00000000  00002000  RWIX
  SARAM24               00040000   00002000  00000000  00002000  RWIX
  SARAM25               00042000   00002000  00000000  00002000  RWIX
  SARAM26               00044000   00002000  00000000  00002000  RWIX
  SARAM27               00046000   00002000  00000000  00002000  RWIX
  SARAM28               00048000   00002000  00000000  00002000  RWIX
  SARAM29               0004a000   00002000  00000000  00002000  RWIX
  SARAM30               0004c000   00002000  00000000  00002000  RWIX
  SARAM31               0004e000   00002000  00000000  00002000  RWIX
  CS0                   00050000   007b0000  00000000  007b0000  RWIX
  CS2                   00800000   00400000  00000000  00400000  RWIX
  CS3                   00c00000   00200000  00000000  00200000  RWIX
  CS4                   00e00000   00100000  00000000  00100000  RWIX
  CS5                   00f00000   000e0000  00000000  000e0000  RWIX
  ROM                   00fe0000   0001ff00  00000000  0001ff00  RWIX
  VECS                  00ffff00   00000100  00000100  00000000  RWIX


SECTION ALLOCATION MAP
(Addresses surrounded by []'s are displayed for convenience only!)

output                                                          attributes/
section   page  orgn(bytes) orgn(words) len(bytes) len(words)   input sections
--------  ----  ----------- ----------- ---------- ----------   --------------
.cinit       0   [ 000000c0 ]  00000060          *   0000013f   
                 [ 000000c0 ]  00000060          *   00000126   bit_transmitter.obj (.cinit)
                 [ 0000030c ]  00000186          *   0000000a   rts55x.lib : _lock.obj (.cinit)
                 [ 00000320 ]  00000190          *   0000000a              : exit.obj (.cinit)
                 [ 00000334 ]  0000019a          *   00000004   usbstk5515bsl.lib : usbstk5515_i2c.obj (.cinit)
                 [ 0000033c ]  0000019e          *   00000001   --HOLE-- [fill = 0]

.stack       0   [ 00000340 ]  000001a0          *   00000100   UNINITIALIZED
                 [ 00000340 ]  000001a0          *   00000100   --HOLE--

.sysstack 
*            0   [ 00000540 ]  000002a0          *   00000100   UNINITIALIZED
                 [ 00000540 ]  000002a0          *   00000100   --HOLE--

.const       0   [ 00000740 ]  000003a0          *   0000000b   
                 [ 00000740 ]  000003a0          *   0000000b   bit_transmitter.obj (.const:_$P$T0$1)

.text        0     00002000  [ 00001000 ] 0000081f          *   
                   00002000  [ 00001000 ] 00000411          *   bit_transmitter.obj (.text)
                   00002411  [ 00001208+] 00000156          *   usbstk5515bsl.lib : usbstk5515_gpio.obj (.text)
                   00002567  [ 000012b3+] 0000013e          *                     : usbstk5515_i2c.obj (.text)
                   000026a5  [ 00001352+] 00000054          *                     : usbstk5515.obj (.text)
                   000026f9  [ 0000137c+] 0000004d          *   rts55x.lib : autoinit.obj (.text)
                   00002746  [ 000013a3 ] 0000004b          *              : args_main.obj (.text)
                   00002791  [ 000013c8+] 0000003e          *              : exit.obj (.text)
                   000027cf  [ 000013e7+] 00000034          *              : boot.obj (.text)
                   00002803  [ 00001401+] 00000012          *              : _lock.obj (.text)
                   00002815  [ 0000140a+] 00000007          *              : exit.obj (.text:CIO_breakpoint)
                   0000281c  [ 0000140e ] 00000002          *              : vectors.obj (.text)
                   0000281e  [ 0000140f ] 00000001          *   --HOLE-- [fill = 20]

.data        0   [ 00008000 ]  00004000          *   00000000   UNINITIALIZED

.bss         0   [ 0000a000 ]  00005000          *   0000012b   UNINITIALIZED
                 [ 0000a000 ]  00005000          *   00000122   bit_transmitter.obj (.bss)
                 [ 0000a244 ]  00005122          *   00000004   rts55x.lib : _lock.obj (.bss)
                 [ 0000a24c ]  00005126          *   00000004              : exit.obj (.bss)
                 [ 0000a254 ]  0000512a          *   00000001   usbstk5515bsl.lib : usbstk5515_i2c.obj (.bss)

vectors      0     00ffff00  [ 007fff80 ] 00000100          *   NOLOAD SECTION
                   00ffff00  [ 007fff80 ] 00000100          *   rts55x.lib : vectors.obj (vectors)


GLOBAL SYMBOLS: SORTED ALPHABETICALLY BY Name 

abs. value/
byte addr   word addr   name
---------   ---------   ----
00000002                $TI_capability$C5500$CallingConvention
00000002                $TI_capability$C5500$MemoryModel
00000001                $TI_capability_requires_rev3
            00005000    .bss
            00004000    .data
00002000                .text
00002816                C$$EXIT
00002129                _AIC3204_config
000020bc                _AIC3204_rget
00002107                _AIC3204_rset
            00005000    _LEFT_DATA
            00005001    _RIGHT_DATA
00ffff00                _Reset
0000250f                _USBSTK5515_GPIO_getInput
00002411                _USBSTK5515_GPIO_init
00002415                _USBSTK5515_GPIO_setDirection
00002492                _USBSTK5515_GPIO_setOutput
00002586                _USBSTK5515_I2C_close
00002567                _USBSTK5515_I2C_init
0000262c                _USBSTK5515_I2C_read
0000258f                _USBSTK5515_I2C_reset
0000259d                _USBSTK5515_I2C_write
000026eb                _USBSTK5515_init
000026a5                _USBSTK5515_wait
000026d9                _USBSTK5515_waitusec
            000002a0    __STACK_END
00000200                __STACK_SIZE
00000200                __SYSSTACK_SIZE
00000001                __TI_args_main
ffffffff                ___binit__
            00005000    ___bss__
ffffffff                ___c_args__
            00000060    ___cinit__
            00004000    ___data__
            00004000    ___edata__
            0000512b    ___end__
0000281f                ___etext__
ffffffff                ___pinit__
00002000                ___text__
00002746                __args_main
            00005126    __cleanup_ptr
            00005128    __dtors_ptr
            00005122    __lock
00002813                __nop
0000280b                __register_lock
00002803                __register_unlock
            000001a0    __stack
            000002a0    __sysstack
            00005124    __unlock
00002815                _abort
000026f9                _auto_init
000027cf                _c_int00
            00005062    _data_one
            00005002    _data_zero
00002791                _exit
            0000512a    _i2c_timeout
000022c7                _main
00002000                _send_one
0000205e                _send_zero
ffffffff                binit
            00000060    cinit
            00004000    edata
            0000512b    end
0000281f                etext
ffffffff                pinit


GLOBAL SYMBOLS: SORTED BY Symbol Address 

abs. value/
byte addr   word addr   name
---------   ---------   ----
00000001                $TI_capability_requires_rev3
00000001                __TI_args_main
00000002                $TI_capability$C5500$CallingConvention
00000002                $TI_capability$C5500$MemoryModel
            00000060    ___cinit__
            00000060    cinit
00000200                __STACK_SIZE
00000200                __SYSSTACK_SIZE
            000001a0    __stack
            000002a0    __STACK_END
            000002a0    __sysstack
00002000                .text
00002000                ___text__
00002000                _send_one
0000205e                _send_zero
000020bc                _AIC3204_rget
00002107                _AIC3204_rset
00002129                _AIC3204_config
000022c7                _main
00002411                _USBSTK5515_GPIO_init
00002415                _USBSTK5515_GPIO_setDirection
00002492                _USBSTK5515_GPIO_setOutput
0000250f                _USBSTK5515_GPIO_getInput
00002567                _USBSTK5515_I2C_init
00002586                _USBSTK5515_I2C_close
0000258f                _USBSTK5515_I2C_reset
0000259d                _USBSTK5515_I2C_write
0000262c                _USBSTK5515_I2C_read
000026a5                _USBSTK5515_wait
000026d9                _USBSTK5515_waitusec
000026eb                _USBSTK5515_init
000026f9                _auto_init
00002746                __args_main
00002791                _exit
000027cf                _c_int00
00002803                __register_unlock
0000280b                __register_lock
00002813                __nop
00002815                _abort
00002816                C$$EXIT
0000281f                ___etext__
0000281f                etext
            00004000    .data
            00004000    ___data__
            00004000    ___edata__
            00004000    edata
            00005000    .bss
            00005000    _LEFT_DATA
            00005000    ___bss__
            00005001    _RIGHT_DATA
            00005002    _data_zero
            00005062    _data_one
            00005122    __lock
            00005124    __unlock
            00005126    __cleanup_ptr
            00005128    __dtors_ptr
            0000512a    _i2c_timeout
            0000512b    ___end__
            0000512b    end
00ffff00                _Reset
ffffffff                ___binit__
ffffffff                ___c_args__
ffffffff                ___pinit__
ffffffff                binit
ffffffff                pinit

[65 symbols]
